// Jest Snapshot v1, https://goo.gl/fbAQLP

exports[`Dashboard Page Dashboard Add List Cancel 1`] = `
<div>
  <div
    class="css-1wxw69z"
  >
    <header
      class="css-22fkfx"
    >
      <p
        class="css-1adnaza"
      >
        вМагазин
      </p>
      <div
        class="css-1v5wvrd"
      >
        <button
          class="css-z414q7"
          data-testid="Выход"
        >
          <img
            src="log-out.png"
            title="Выход"
          />
        </button>
      </div>
    </header>
    <div
      class="css-0"
    >
      <div
        class="css-6i4ykg"
      >
        <span
          class="css-1m6qh8b"
        />
        <span
          class="css-1fni309"
        />
        <span
          class="css-oqbc0s"
        />
        <span
          class="css-1olkxn8"
        />
        <span
          class="css-1vc4txl"
        />
        <span
          class="css-hkkqum"
        />
        <span
          class="css-1nfmhdq"
        />
        <span
          class="css-1jyf7or"
        />
      </div>
    </div>
  </div>
</div>
`;

exports[`Dashboard Page Dashboard Add List Create 1`] = `
<div>
  <div
    class="css-1wxw69z"
  >
    <header
      class="css-22fkfx"
    >
      <p
        class="css-1adnaza"
      >
        вМагазин
      </p>
      <div
        class="css-1v5wvrd"
      >
        <button
          class="css-z414q7"
          data-testid="Выход"
        >
          <img
            src="log-out.png"
            title="Выход"
          />
        </button>
      </div>
    </header>
    <div
      class="css-0"
    >
      <div
        class="css-6i4ykg"
      >
        <span
          class="css-1m6qh8b"
        />
        <span
          class="css-1fni309"
        />
        <span
          class="css-oqbc0s"
        />
        <span
          class="css-1olkxn8"
        />
        <span
          class="css-1vc4txl"
        />
        <span
          class="css-hkkqum"
        />
        <span
          class="css-1nfmhdq"
        />
        <span
          class="css-1jyf7or"
        />
      </div>
    </div>
  </div>
</div>
`;

exports[`Dashboard Page Dashboard Copy List 1`] = `
<div>
  <div
    class="css-1wxw69z"
  >
    <header
      class="css-22fkfx"
    >
      <p
        class="css-1adnaza"
      >
        вМагазин
      </p>
      <div
        class="css-1v5wvrd"
      >
        <button
          class="css-z414q7"
          data-testid="Выход"
        >
          <img
            src="log-out.png"
            title="Выход"
          />
        </button>
      </div>
    </header>
    <div
      class="css-0"
    >
      <div
        class="css-6i4ykg"
      >
        <span
          class="css-1m6qh8b"
        />
        <span
          class="css-1fni309"
        />
        <span
          class="css-oqbc0s"
        />
        <span
          class="css-1olkxn8"
        />
        <span
          class="css-1vc4txl"
        />
        <span
          class="css-hkkqum"
        />
        <span
          class="css-1nfmhdq"
        />
        <span
          class="css-1jyf7or"
        />
      </div>
    </div>
  </div>
</div>
`;

exports[`Dashboard Page Dashboard Remove List Cancel 1`] = `
<div>
  <div
    class="css-1wxw69z"
  >
    <header
      class="css-22fkfx"
    >
      <p
        class="css-1adnaza"
      >
        вМагазин
      </p>
      <div
        class="css-1v5wvrd"
      >
        <button
          class="css-z414q7"
          data-testid="Выход"
        >
          <img
            src="log-out.png"
            title="Выход"
          />
        </button>
      </div>
    </header>
    <div
      class="css-0"
    >
      <div
        class="css-6i4ykg"
      >
        <span
          class="css-1m6qh8b"
        />
        <span
          class="css-1fni309"
        />
        <span
          class="css-oqbc0s"
        />
        <span
          class="css-1olkxn8"
        />
        <span
          class="css-1vc4txl"
        />
        <span
          class="css-hkkqum"
        />
        <span
          class="css-1nfmhdq"
        />
        <span
          class="css-1jyf7or"
        />
      </div>
    </div>
  </div>
</div>
`;

exports[`Dashboard Page Dashboard Remove List OK 1`] = `
<div>
  <div
    class="css-1wxw69z"
  >
    <header
      class="css-22fkfx"
    >
      <p
        class="css-1adnaza"
      >
        вМагазин
      </p>
      <div
        class="css-1v5wvrd"
      >
        <button
          class="css-z414q7"
          data-testid="Выход"
        >
          <img
            src="log-out.png"
            title="Выход"
          />
        </button>
      </div>
    </header>
    <div
      class="css-0"
    >
      <div
        class="css-6i4ykg"
      >
        <span
          class="css-1m6qh8b"
        />
        <span
          class="css-1fni309"
        />
        <span
          class="css-oqbc0s"
        />
        <span
          class="css-1olkxn8"
        />
        <span
          class="css-1vc4txl"
        />
        <span
          class="css-hkkqum"
        />
        <span
          class="css-1nfmhdq"
        />
        <span
          class="css-1jyf7or"
        />
      </div>
    </div>
  </div>
</div>
`;

exports[`Dashboard Page Dashboard Rename List Cancel 1`] = `
<div>
  <div
    class="css-1wxw69z"
  >
    <header
      class="css-22fkfx"
    >
      <p
        class="css-1adnaza"
      >
        вМагазин
      </p>
      <div
        class="css-1v5wvrd"
      >
        <button
          class="css-z414q7"
          data-testid="Выход"
        >
          <img
            src="log-out.png"
            title="Выход"
          />
        </button>
      </div>
    </header>
    <div
      class="css-0"
    >
      <div
        class="css-6i4ykg"
      >
        <span
          class="css-1m6qh8b"
        />
        <span
          class="css-1fni309"
        />
        <span
          class="css-oqbc0s"
        />
        <span
          class="css-1olkxn8"
        />
        <span
          class="css-1vc4txl"
        />
        <span
          class="css-hkkqum"
        />
        <span
          class="css-1nfmhdq"
        />
        <span
          class="css-1jyf7or"
        />
      </div>
    </div>
  </div>
</div>
`;

exports[`Dashboard Page Dashboard Rename List OK 1`] = `
<div>
  <div
    class="css-1wxw69z"
  >
    <header
      class="css-22fkfx"
    >
      <p
        class="css-1adnaza"
      >
        вМагазин
      </p>
      <div
        class="css-1v5wvrd"
      >
        <button
          class="css-z414q7"
          data-testid="Выход"
        >
          <img
            src="log-out.png"
            title="Выход"
          />
        </button>
      </div>
    </header>
    <div
      class="css-0"
    >
      <div
        class="css-6i4ykg"
      >
        <span
          class="css-1m6qh8b"
        />
        <span
          class="css-1fni309"
        />
        <span
          class="css-oqbc0s"
        />
        <span
          class="css-1olkxn8"
        />
        <span
          class="css-1vc4txl"
        />
        <span
          class="css-hkkqum"
        />
        <span
          class="css-1nfmhdq"
        />
        <span
          class="css-1jyf7or"
        />
      </div>
    </div>
  </div>
</div>
`;

exports[`Dashboard Page Dashboard Share List 1`] = `
<div>
  <div
    class="css-1wxw69z"
  >
    <header
      class="css-22fkfx"
    >
      <p
        class="css-1adnaza"
      >
        вМагазин
      </p>
      <div
        class="css-1v5wvrd"
      >
        <button
          class="css-z414q7"
          data-testid="Выход"
        >
          <img
            src="log-out.png"
            title="Выход"
          />
        </button>
      </div>
    </header>
    <div
      class="css-0"
    >
      <div
        class="css-1plcclu"
      >
        Ссылка скопирована
      </div>
      <main
        class="css-1jsn5n8"
      >
        <div
          class="css-qte5c2"
        >
          <div
            class="css-1nclwr3"
            data-testid="uuid1"
          >
            <p
              class="css-14z2g2o"
            >
              Состоялась 94-я церемония вручения премии «Оскар»: награда за лучший фильм присуждена картине...
            </p>
          </div>
          <div
            class="css-115o3ib"
          >
            <p
              class="css-9x7icz"
            >
              0 / 5
            </p>
            <div>
              <div
                aria-expanded="false"
                aria-label="Dropdown select"
                class="react-dropdown-select css-14g55hk css-16vukcu e1gzf2xs0"
                color="#0074D9"
                direction="ltr"
                tabindex="0"
              >
                <div
                  class="react-dropdown-select-content react-dropdown-select-type-single css-1m5113o e1gn6jc30"
                >
                  <span>
                    Поделиться
                  </span>
                  <input
                    class="react-dropdown-select-input css-1ov1ozn e11wid6y0"
                    placeholder=""
                    tabindex="-1"
                    value=""
                  />
                </div>
              </div>
            </div>
          </div>
        </div>
        <div
          class="css-qte5c2"
        >
          <div
            class="css-1nclwr3"
            data-testid="uuid2"
          >
            <p
              class="css-14z2g2o"
            >
              Второй список
            </p>
          </div>
          <div
            class="css-115o3ib"
          >
            <p
              class="css-9x7icz"
            >
              1 / 5
            </p>
            <div>
              <div
                aria-expanded="false"
                aria-label="Dropdown select"
                class="react-dropdown-select css-14g55hk css-16vukcu e1gzf2xs0"
                color="#0074D9"
                direction="ltr"
                tabindex="0"
              >
                <div
                  class="react-dropdown-select-content react-dropdown-select-type-single css-1m5113o e1gn6jc30"
                >
                  <input
                    class="react-dropdown-select-input css-1ov1ozn e11wid6y0"
                    placeholder=""
                    tabindex="-1"
                    value=""
                  />
                </div>
              </div>
            </div>
          </div>
        </div>
        <div
          class="css-qte5c2"
        >
          <div
            class="css-1nclwr3"
            data-testid="uuid3"
          >
            <p
              class="css-14z2g2o"
            >
              Первый список
            </p>
          </div>
          <div
            class="css-115o3ib"
          >
            <p
              class="css-9x7icz"
            >
              5 / 5
            </p>
            <div>
              <div
                aria-expanded="false"
                aria-label="Dropdown select"
                class="react-dropdown-select css-14g55hk css-16vukcu e1gzf2xs0"
                color="#0074D9"
                direction="ltr"
                tabindex="0"
              >
                <div
                  class="react-dropdown-select-content react-dropdown-select-type-single css-1m5113o e1gn6jc30"
                >
                  <input
                    class="react-dropdown-select-input css-1ov1ozn e11wid6y0"
                    placeholder=""
                    tabindex="-1"
                    value=""
                  />
                </div>
              </div>
            </div>
          </div>
        </div>
        <button
          class="css-ftp01x"
          data-testid="addButton"
        >
          +
        </button>
      </main>
    </div>
  </div>
</div>
`;
