// Jest Snapshot v1, https://goo.gl/fbAQLP

exports[`Dashboard Header Header 1`] = `
<body>
  <div>
    <header
      class="css-22fkfx"
    >
      <p
        class="css-1adnaza"
      >
        вМагазин
      </p>
      <div
        class="css-1v5wvrd"
      >
        <button
          class="css-z414q7"
          data-testid="Выход"
        >
          <img
            src="log-out.png"
            title="Выход"
          />
        </button>
      </div>
    </header>
  </div>
</body>
`;
