// Jest Snapshot v1, https://goo.gl/fbAQLP

exports[`testing CategorySelect add category error test render CategorySelect add category error 1`] = `
<div>
  <div>
    <div
      class="css-10m13ut"
    >
      <div
        class="css-1gwlyb6"
      >
        <a
          class="css-12eo6k0"
          href="/url/url/"
          title="Назад"
        >
          <img
            alt="back"
            src="arrow-left.svg"
          />
        </a>
      </div>
    </div>
    <div
      class="css-1gwlyb6"
    >
      <ul
        class="css-1loydxm"
      >
        <li
          class="css-kagisi"
        >
          <h2
            class="css-156op5v"
          >
            Выберите категорию:
          </h2>
        </li>
        <li
          class="css-kagisi"
        />
      </ul>
      <form>
        <div
          class="css-139b3em"
        >
          <button
            class="css-p42m1b"
            color="#FFFFFF"
            title="Продукты"
            type="button"
          >
            <div
              class="css-1q4bltv"
              color="#08AE0F"
            />
            Продукты
          </button>
          <button
            class="css-p42m1b"
            color="#FFFFFF"
            title="Бытовая химия"
            type="button"
          >
            <div
              class="css-1ewgiqb"
              color="#3414F5"
            />
            Бытовая химия
          </button>
        </div>
        <p
          class="css-1enixo5"
        >
          Введите название покупки:
        </p>
        <div
          class="css-dw8up7"
        >
          <textarea
            class="css-14sbxw9"
            name="text"
            placeholder="Введите текст"
          />
        </div>
        <button
          class="css-10uh9e6"
          title="Добавить"
          type="submit"
        >
          Добавить
        </button>
      </form>
      <form>
        <p
          class="css-1enixo5"
        >
          Если нет подходящей категории:
        </p>
        <div
          class="css-4ok39k"
        >
          <input
            class="css-1w4q98z"
            name="name"
            placeholder="Введите название категории"
            type="text"
            value=""
          />
          <select
            class="css-178zj4d"
            data-testid="select"
            name="color"
          >
            <option
              disabled=""
              value=""
            >
              Выберите цвет
            </option>
            <option
              value="#08AE0F"
            >
              Зеленый
            </option>
            <option
              value="#9D79B9"
            >
              Лиловый
            </option>
            <option
              value="#B11F1F"
            >
              Алый
            </option>
            <option
              value="#3414F5"
            >
              Синий
            </option>
            <option
              value="#008060"
            >
              Тёмно-зелёный
            </option>
            <option
              value="#D928D2"
            >
              Розовый
            </option>
            <option
              value="#9B763D"
            >
              Коричневый
            </option>
            <option
              value="#830DF9"
            >
              Фиолетовый
            </option>
            <option
              value="#FA8803"
            >
              Оранжевый
            </option>
            <option
              value="#FCF20E"
            >
              Жёлтый
            </option>
            <option
              value="#EC1818"
            >
              Красный
            </option>
            <option
              value="#14F52B"
            >
              Светло-зеленый
            </option>
          </select>
        </div>
        <button
          class="css-15jozr4"
          title="Добавить категорию"
          type="submit"
        >
          Добавить категорию
        </button>
        <span
          class="css-uexi7o"
        >
          Категория не добавлена...
        </span>
      </form>
    </div>
  </div>
</div>
`;
