// Jest Snapshot v1, https://goo.gl/fbAQLP

exports[`<List /> ShoppingList click header buttons 1`] = `
<div>
  <div>
    <div
      class="css-10m13ut"
    >
      <div
        class="css-1gwlyb6"
      >
        <div
          class="css-1c0ed4l"
        >
          <a
            class="css-12eo6k0"
            href="/url/url/"
            title="Назад"
          >
            <img
              alt=""
              src="arrow-left.svg"
            />
          </a>
        </div>
        <div
          class="css-1c8b96n"
        >
          <button
            class="css-1ai46pe"
            title="Обновить"
          >
            <img
              alt=""
              src="rotate.svg"
            />
          </button>
        </div>
        <div
          class="css-1rafcwt"
        >
          <button
            class="css-1ai46pe"
            title="Поделиться"
          >
            <img
              alt=""
              src="share.svg"
            />
          </button>
        </div>
      </div>
    </div>
    <div
      class="css-1gwlyb6"
    >
      <div>
        <h2
          class="css-156op5v"
        >
          Чужой список
        </h2>
        <a
          href="/url/url/"
          title="Добавить позицию"
        >
          <button
            class="css-ftp01x"
          >
            +
          </button>
        </a>
      </div>
      <div
        class="css-6i4ykg"
      >
        <span
          class="css-1m6qh8b"
        />
        <span
          class="css-1fni309"
        />
        <span
          class="css-oqbc0s"
        />
        <span
          class="css-1olkxn8"
        />
        <span
          class="css-1vc4txl"
        />
        <span
          class="css-hkkqum"
        />
        <span
          class="css-1nfmhdq"
        />
        <span
          class="css-1jyf7or"
        />
      </div>
    </div>
  </div>
</div>
`;

exports[`<List /> ShoppingList render 1`] = `
<div>
  <div>
    <div
      class="css-10m13ut"
    >
      <div
        class="css-1gwlyb6"
      >
        <div
          class="css-1c0ed4l"
        >
          <a
            class="css-12eo6k0"
            href="/url/url/"
            title="Назад"
          >
            <img
              alt=""
              src="arrow-left.svg"
            />
          </a>
        </div>
        <div
          class="css-1c8b96n"
        >
          <button
            class="css-1ai46pe"
            title="Обновить"
          >
            <img
              alt=""
              src="rotate.svg"
            />
          </button>
        </div>
        <div
          class="css-1rafcwt"
        >
          <button
            class="css-1ai46pe"
            title="Поделиться"
          >
            <img
              alt=""
              src="share.svg"
            />
          </button>
        </div>
      </div>
    </div>
    <div
      class="css-1gwlyb6"
    >
      <div>
        <h2
          class="css-156op5v"
        >
          Чужой список
        </h2>
        <a
          href="/url/url/"
          title="Добавить позицию"
        >
          <button
            class="css-ftp01x"
          >
            +
          </button>
        </a>
      </div>
      <div
        class="css-6i4ykg"
      >
        <span
          class="css-1m6qh8b"
        />
        <span
          class="css-1fni309"
        />
        <span
          class="css-oqbc0s"
        />
        <span
          class="css-1olkxn8"
        />
        <span
          class="css-1vc4txl"
        />
        <span
          class="css-hkkqum"
        />
        <span
          class="css-1nfmhdq"
        />
        <span
          class="css-1jyf7or"
        />
      </div>
    </div>
  </div>
</div>
`;

exports[`ShoppingList click share button 1`] = `
<div>
  <div>
    <div
      class="css-10m13ut"
    >
      <div
        class="css-1gwlyb6"
      >
        <div
          class="css-1c0ed4l"
        >
          <a
            class="css-12eo6k0"
            href="/url/url/"
            title="Назад"
          >
            <img
              alt=""
              src="arrow-left.svg"
            />
          </a>
        </div>
        <div
          class="css-1c8b96n"
        >
          <button
            class="css-1ai46pe"
            title="Обновить"
          >
            <img
              alt=""
              src="rotate.svg"
            />
          </button>
        </div>
        <div
          class="css-1rafcwt"
        >
          <button
            class="css-1ai46pe"
            title="Поделиться"
          >
            <img
              alt=""
              src="share.svg"
            />
            <div
              class="css-gnmdzf"
            >
              Ссылка скопирована в буфер обмена
            </div>
          </button>
        </div>
      </div>
    </div>
    <div
      class="css-1gwlyb6"
    >
      <div>
        <h2
          class="css-156op5v"
        >
          Чужой список
        </h2>
        <a
          href="/url/url/"
          title="Добавить позицию"
        >
          <button
            class="css-ftp01x"
          >
            +
          </button>
        </a>
      </div>
      <div
        class="css-6i4ykg"
      >
        <span
          class="css-1m6qh8b"
        />
        <span
          class="css-1fni309"
        />
        <span
          class="css-oqbc0s"
        />
        <span
          class="css-1olkxn8"
        />
        <span
          class="css-1vc4txl"
        />
        <span
          class="css-hkkqum"
        />
        <span
          class="css-1nfmhdq"
        />
        <span
          class="css-1jyf7or"
        />
      </div>
    </div>
  </div>
</div>
`;

exports[`ShoppingList item bought click 1`] = `
<div>
  <div>
    <div
      class="css-10m13ut"
    >
      <div
        class="css-1gwlyb6"
      >
        <div
          class="css-1c0ed4l"
        >
          <a
            class="css-12eo6k0"
            href="/url/url/"
            title="Назад"
          >
            <img
              alt=""
              src="arrow-left.svg"
            />
          </a>
        </div>
        <div
          class="css-1c8b96n"
        >
          <button
            class="css-1ai46pe"
            title="Обновить"
          >
            <img
              alt=""
              src="rotate.svg"
            />
          </button>
        </div>
        <div
          class="css-1rafcwt"
        >
          <button
            class="css-1ai46pe"
            title="Поделиться"
          >
            <img
              alt=""
              src="share.svg"
            />
          </button>
        </div>
      </div>
    </div>
    <div
      class="css-1gwlyb6"
    >
      <div>
        <h2
          class="css-156op5v"
        >
          Чужой список
        </h2>
        <div
          class="css-1ymmyjj"
        >
          <div
            class="css-gl4505"
            color="#9D79B9"
          >
            <button
              class="css-1ai46pe"
              title="Добавить в корзину"
            >
              <div
                class="css-e56qp1"
              >
                <img
                  alt=""
                  src="basket-arrow.svg"
                />
              </div>
              <img
                alt=""
                src="basket.svg"
              />
            </button>
          </div>
          <div
            class="css-2x72of"
          >
            <p
              class="css-oq27n3"
            >
              рыба
            </p>
            <button
              class="css-1rvi6d0"
              title="Удалить из корзины"
            >
              <img
                alt=""
                src="delete.svg"
              />
            </button>
          </div>
          <div
            class="css-ut3668"
            color="#9D79B9"
          >
            <button
              class="css-1ai46pe"
              title="Увеличить количество"
            >
              <img
                alt=""
                src="plus.svg"
              />
            </button>
            <div>
              5
            </div>
            <button
              class="css-1ai46pe"
              title="Уменьшить количество"
            >
              <img
                alt=""
                src="minus.svg"
              />
            </button>
          </div>
        </div>
        <div
          class="css-1ymmyjj"
        >
          <div
            class="css-gl4505"
            color="#9D79B9"
          >
            <button
              class="css-1ai46pe"
              title="Добавить в корзину"
            >
              <div
                class="css-e56qp1"
              >
                <img
                  alt=""
                  src="basket-arrow.svg"
                />
              </div>
              <img
                alt=""
                src="basket.svg"
              />
            </button>
          </div>
          <div
            class="css-2x72of"
          >
            <p
              class="css-oq27n3"
            >
              хлеб
            </p>
            <button
              class="css-1rvi6d0"
              title="Удалить из корзины"
            >
              <img
                alt=""
                src="delete.svg"
              />
            </button>
          </div>
          <div
            class="css-ut3668"
            color="#9D79B9"
          >
            <button
              class="css-1ai46pe"
              title="Увеличить количество"
            >
              <img
                alt=""
                src="plus.svg"
              />
            </button>
            <div>
              3
            </div>
            <button
              class="css-1ai46pe"
              title="Уменьшить количество"
            >
              <img
                alt=""
                src="minus.svg"
              />
            </button>
          </div>
        </div>
        <div
          class="css-1ymmyjj"
        >
          <div
            class="css-gl4505"
            color="#9D79B9"
          >
            <button
              class="css-1ai46pe"
              title="Добавить в корзину"
            >
              <div
                class="css-e56qp1"
              >
                <img
                  alt=""
                  src="basket-arrow.svg"
                />
              </div>
              <img
                alt=""
                src="basket.svg"
              />
            </button>
          </div>
          <div
            class="css-2x72of"
          >
            <p
              class="css-oq27n3"
            >
              молоко
            </p>
            <button
              class="css-1rvi6d0"
              title="Удалить из корзины"
            >
              <img
                alt=""
                src="delete.svg"
              />
            </button>
          </div>
          <div
            class="css-ut3668"
            color="#9D79B9"
          >
            <button
              class="css-1ai46pe"
              title="Увеличить количество"
            >
              <img
                alt=""
                src="plus.svg"
              />
            </button>
            <div>
              2
            </div>
            <button
              class="css-1ai46pe"
              title="Уменьшить количество"
            >
              <img
                alt=""
                src="minus.svg"
              />
            </button>
          </div>
        </div>
        <div
          class="css-1ymmyjj"
        >
          <div
            class="css-jjix65"
            color="#08AE0F"
          >
            <button
              class="css-1ai46pe"
              title="Добавить в корзину"
            >
              <div
                class="css-e56qp1"
              >
                <img
                  alt=""
                  src="basket-arrow.svg"
                />
              </div>
              <img
                alt=""
                src="basket.svg"
              />
            </button>
          </div>
          <div
            class="css-2x72of"
          >
            <p
              class="css-oq27n3"
            >
              мыло
            </p>
            <button
              class="css-1rvi6d0"
              title="Удалить из корзины"
            >
              <img
                alt=""
                src="delete.svg"
              />
            </button>
          </div>
          <div
            class="css-bqoiiz"
            color="#08AE0F"
          >
            <button
              class="css-1ai46pe"
              title="Увеличить количество"
            >
              <img
                alt=""
                src="plus.svg"
              />
            </button>
            <div>
              1
            </div>
            <button
              class="css-1ai46pe"
              title="Уменьшить количество"
            >
              <img
                alt=""
                src="minus.svg"
              />
            </button>
          </div>
        </div>
        <div
          class="css-1ymmyjj"
        >
          <div
            class="css-1b9tgw6"
            color="#3414F5"
          >
            <button
              class="css-1ai46pe"
              title="Добавить в корзину"
            >
              <div
                class="css-e56qp1"
              >
                <img
                  alt=""
                  src="basket-arrow.svg"
                />
              </div>
              <img
                alt=""
                src="basket.svg"
              />
            </button>
          </div>
          <div
            class="css-2x72of"
          >
            <p
              class="css-oq27n3"
            >
              жаропонижающее
            </p>
            <button
              class="css-1rvi6d0"
              title="Удалить из корзины"
            >
              <img
                alt=""
                src="delete.svg"
              />
            </button>
          </div>
          <div
            class="css-gw8l78"
            color="#3414F5"
          >
            <button
              class="css-1ai46pe"
              title="Увеличить количество"
            >
              <img
                alt=""
                src="plus.svg"
              />
            </button>
            <div>
              2
            </div>
            <button
              class="css-1ai46pe"
              title="Уменьшить количество"
            >
              <img
                alt=""
                src="minus.svg"
              />
            </button>
          </div>
        </div>
        <a
          href="/url/url/"
          title="Добавить позицию"
        >
          <button
            class="css-ftp01x"
          >
            +
          </button>
        </a>
      </div>
    </div>
  </div>
</div>
`;

exports[`ShoppingList item bought click 2`] = `
<div>
  <div>
    <div
      class="css-10m13ut"
    >
      <div
        class="css-1gwlyb6"
      >
        <div
          class="css-1c0ed4l"
        >
          <a
            class="css-12eo6k0"
            href="/url/url/"
            title="Назад"
          >
            <img
              alt=""
              src="arrow-left.svg"
            />
          </a>
        </div>
        <div
          class="css-1c8b96n"
        >
          <button
            class="css-1ai46pe"
            title="Обновить"
          >
            <img
              alt=""
              src="rotate.svg"
            />
          </button>
        </div>
        <div
          class="css-1rafcwt"
        >
          <button
            class="css-1ai46pe"
            title="Поделиться"
          >
            <img
              alt=""
              src="share.svg"
            />
          </button>
        </div>
      </div>
    </div>
    <div
      class="css-1gwlyb6"
    >
      <div>
        <h2
          class="css-156op5v"
        >
          Чужой список
        </h2>
        <div
          class="css-1ymmyjj"
        >
          <div
            class="css-gl4505"
            color="#9D79B9"
          >
            <button
              class="css-1ai46pe"
              title="Добавить в корзину"
            >
              <div
                class="css-e56qp1"
              >
                <img
                  alt=""
                  src="basket-arrow.svg"
                />
              </div>
              <img
                alt=""
                src="basket.svg"
              />
            </button>
          </div>
          <div
            class="css-2x72of"
          >
            <p
              class="css-oq27n3"
            >
              рыба
            </p>
            <button
              class="css-1rvi6d0"
              title="Удалить из корзины"
            >
              <img
                alt=""
                src="delete.svg"
              />
            </button>
          </div>
          <div
            class="css-ut3668"
            color="#9D79B9"
          >
            <button
              class="css-1ai46pe"
              title="Увеличить количество"
            >
              <img
                alt=""
                src="plus.svg"
              />
            </button>
            <div>
              5
            </div>
            <button
              class="css-1ai46pe"
              title="Уменьшить количество"
            >
              <img
                alt=""
                src="minus.svg"
              />
            </button>
          </div>
        </div>
        <div
          class="css-1ymmyjj"
        >
          <div
            class="css-gl4505"
            color="#9D79B9"
          >
            <button
              class="css-1ai46pe"
              title="Добавить в корзину"
            >
              <div
                class="css-e56qp1"
              >
                <img
                  alt=""
                  src="basket-arrow.svg"
                />
              </div>
              <img
                alt=""
                src="basket.svg"
              />
            </button>
          </div>
          <div
            class="css-2x72of"
          >
            <p
              class="css-oq27n3"
            >
              хлеб
            </p>
            <button
              class="css-1rvi6d0"
              title="Удалить из корзины"
            >
              <img
                alt=""
                src="delete.svg"
              />
            </button>
          </div>
          <div
            class="css-ut3668"
            color="#9D79B9"
          >
            <button
              class="css-1ai46pe"
              title="Увеличить количество"
            >
              <img
                alt=""
                src="plus.svg"
              />
            </button>
            <div>
              3
            </div>
            <button
              class="css-1ai46pe"
              title="Уменьшить количество"
            >
              <img
                alt=""
                src="minus.svg"
              />
            </button>
          </div>
        </div>
        <div
          class="css-1ymmyjj"
        >
          <div
            class="css-gl4505"
            color="#9D79B9"
          >
            <button
              class="css-1ai46pe"
              title="Добавить в корзину"
            >
              <div
                class="css-e56qp1"
              >
                <img
                  alt=""
                  src="basket-arrow.svg"
                />
              </div>
              <img
                alt=""
                src="basket.svg"
              />
            </button>
          </div>
          <div
            class="css-2x72of"
          >
            <p
              class="css-oq27n3"
            >
              молоко
            </p>
            <button
              class="css-1rvi6d0"
              title="Удалить из корзины"
            >
              <img
                alt=""
                src="delete.svg"
              />
            </button>
          </div>
          <div
            class="css-ut3668"
            color="#9D79B9"
          >
            <button
              class="css-1ai46pe"
              title="Увеличить количество"
            >
              <img
                alt=""
                src="plus.svg"
              />
            </button>
            <div>
              2
            </div>
            <button
              class="css-1ai46pe"
              title="Уменьшить количество"
            >
              <img
                alt=""
                src="minus.svg"
              />
            </button>
          </div>
        </div>
        <div
          class="css-1ymmyjj"
        >
          <div
            class="css-jjix65"
            color="#08AE0F"
          >
            <button
              class="css-1ai46pe"
              title="Добавить в корзину"
            >
              <div
                class="css-e56qp1"
              >
                <img
                  alt=""
                  src="basket-arrow.svg"
                />
              </div>
              <img
                alt=""
                src="basket.svg"
              />
            </button>
          </div>
          <div
            class="css-2x72of"
          >
            <p
              class="css-oq27n3"
            >
              мыло
            </p>
            <button
              class="css-1rvi6d0"
              title="Удалить из корзины"
            >
              <img
                alt=""
                src="delete.svg"
              />
            </button>
          </div>
          <div
            class="css-bqoiiz"
            color="#08AE0F"
          >
            <button
              class="css-1ai46pe"
              title="Увеличить количество"
            >
              <img
                alt=""
                src="plus.svg"
              />
            </button>
            <div>
              1
            </div>
            <button
              class="css-1ai46pe"
              title="Уменьшить количество"
            >
              <img
                alt=""
                src="minus.svg"
              />
            </button>
          </div>
        </div>
        <div
          class="css-1ymmyjj"
        >
          <div
            class="css-1b9tgw6"
            color="#3414F5"
          >
            <button
              class="css-1ai46pe"
              title="Добавить в корзину"
            >
              <div
                class="css-e56qp1"
              >
                <img
                  alt=""
                  src="basket-arrow.svg"
                />
              </div>
              <img
                alt=""
                src="basket.svg"
              />
            </button>
          </div>
          <div
            class="css-2x72of"
          >
            <p
              class="css-oq27n3"
            >
              жаропонижающее
            </p>
            <button
              class="css-1rvi6d0"
              title="Удалить из корзины"
            >
              <img
                alt=""
                src="delete.svg"
              />
            </button>
          </div>
          <div
            class="css-gw8l78"
            color="#3414F5"
          >
            <button
              class="css-1ai46pe"
              title="Увеличить количество"
            >
              <img
                alt=""
                src="plus.svg"
              />
            </button>
            <div>
              2
            </div>
            <button
              class="css-1ai46pe"
              title="Уменьшить количество"
            >
              <img
                alt=""
                src="minus.svg"
              />
            </button>
          </div>
        </div>
        <a
          href="/url/url/"
          title="Добавить позицию"
        >
          <button
            class="css-ftp01x"
          >
            +
          </button>
        </a>
      </div>
    </div>
  </div>
</div>
`;

exports[`ShoppingList item count decrement click 1`] = `
<div>
  <div>
    <div
      class="css-10m13ut"
    >
      <div
        class="css-1gwlyb6"
      >
        <div
          class="css-1c0ed4l"
        >
          <a
            class="css-12eo6k0"
            href="/url/url/"
            title="Назад"
          >
            <img
              alt=""
              src="arrow-left.svg"
            />
          </a>
        </div>
        <div
          class="css-1c8b96n"
        >
          <button
            class="css-1ai46pe"
            title="Обновить"
          >
            <img
              alt=""
              src="rotate.svg"
            />
          </button>
        </div>
        <div
          class="css-1rafcwt"
        >
          <button
            class="css-1ai46pe"
            title="Поделиться"
          >
            <img
              alt=""
              src="share.svg"
            />
          </button>
        </div>
      </div>
    </div>
    <div
      class="css-1gwlyb6"
    >
      <div>
        <h2
          class="css-156op5v"
        >
          Чужой список
        </h2>
        <div
          class="css-1ymmyjj"
        >
          <div
            class="css-gl4505"
            color="#9D79B9"
          >
            <button
              class="css-1ai46pe"
              title="Добавить в корзину"
            >
              <div
                class="css-e56qp1"
              >
                <img
                  alt=""
                  src="basket-arrow.svg"
                />
              </div>
              <img
                alt=""
                src="basket.svg"
              />
            </button>
          </div>
          <div
            class="css-2x72of"
          >
            <p
              class="css-oq27n3"
            >
              рыба
            </p>
            <button
              class="css-1rvi6d0"
              title="Удалить из корзины"
            >
              <img
                alt=""
                src="delete.svg"
              />
            </button>
          </div>
          <div
            class="css-ut3668"
            color="#9D79B9"
          >
            <button
              class="css-1ai46pe"
              title="Увеличить количество"
            >
              <img
                alt=""
                src="plus.svg"
              />
            </button>
            <div>
              5
            </div>
            <button
              class="css-1ai46pe"
              title="Уменьшить количество"
            >
              <img
                alt=""
                src="minus.svg"
              />
            </button>
          </div>
        </div>
        <div
          class="css-1ymmyjj"
        >
          <div
            class="css-gl4505"
            color="#9D79B9"
          >
            <button
              class="css-1ai46pe"
              title="Добавить в корзину"
            >
              <div
                class="css-e56qp1"
              >
                <img
                  alt=""
                  src="basket-arrow.svg"
                />
              </div>
              <img
                alt=""
                src="basket.svg"
              />
            </button>
          </div>
          <div
            class="css-2x72of"
          >
            <p
              class="css-oq27n3"
            >
              хлеб
            </p>
            <button
              class="css-1rvi6d0"
              title="Удалить из корзины"
            >
              <img
                alt=""
                src="delete.svg"
              />
            </button>
          </div>
          <div
            class="css-ut3668"
            color="#9D79B9"
          >
            <button
              class="css-1ai46pe"
              title="Увеличить количество"
            >
              <img
                alt=""
                src="plus.svg"
              />
            </button>
            <div>
              3
            </div>
            <button
              class="css-1ai46pe"
              title="Уменьшить количество"
            >
              <img
                alt=""
                src="minus.svg"
              />
            </button>
          </div>
        </div>
        <div
          class="css-1ymmyjj"
        >
          <div
            class="css-gl4505"
            color="#9D79B9"
          >
            <button
              class="css-1ai46pe"
              title="Добавить в корзину"
            >
              <div
                class="css-e56qp1"
              >
                <img
                  alt=""
                  src="basket-arrow.svg"
                />
              </div>
              <img
                alt=""
                src="basket.svg"
              />
            </button>
          </div>
          <div
            class="css-2x72of"
          >
            <p
              class="css-oq27n3"
            >
              молоко
            </p>
            <button
              class="css-1rvi6d0"
              title="Удалить из корзины"
            >
              <img
                alt=""
                src="delete.svg"
              />
            </button>
          </div>
          <div
            class="css-ut3668"
            color="#9D79B9"
          >
            <button
              class="css-1ai46pe"
              title="Увеличить количество"
            >
              <img
                alt=""
                src="plus.svg"
              />
            </button>
            <div>
              2
            </div>
            <button
              class="css-1ai46pe"
              title="Уменьшить количество"
            >
              <img
                alt=""
                src="minus.svg"
              />
            </button>
          </div>
        </div>
        <div
          class="css-1ymmyjj"
        >
          <div
            class="css-jjix65"
            color="#08AE0F"
          >
            <button
              class="css-1ai46pe"
              title="Добавить в корзину"
            >
              <div
                class="css-e56qp1"
              >
                <img
                  alt=""
                  src="basket-arrow.svg"
                />
              </div>
              <img
                alt=""
                src="basket.svg"
              />
            </button>
          </div>
          <div
            class="css-2x72of"
          >
            <p
              class="css-oq27n3"
            >
              мыло
            </p>
            <button
              class="css-1rvi6d0"
              title="Удалить из корзины"
            >
              <img
                alt=""
                src="delete.svg"
              />
            </button>
          </div>
          <div
            class="css-bqoiiz"
            color="#08AE0F"
          >
            <button
              class="css-1ai46pe"
              title="Увеличить количество"
            >
              <img
                alt=""
                src="plus.svg"
              />
            </button>
            <div>
              1
            </div>
            <button
              class="css-1ai46pe"
              title="Уменьшить количество"
            >
              <img
                alt=""
                src="minus.svg"
              />
            </button>
          </div>
        </div>
        <div
          class="css-1ymmyjj"
        >
          <div
            class="css-1b9tgw6"
            color="#3414F5"
          >
            <button
              class="css-1ai46pe"
              title="Добавить в корзину"
            >
              <div
                class="css-e56qp1"
              >
                <img
                  alt=""
                  src="basket-arrow.svg"
                />
              </div>
              <img
                alt=""
                src="basket.svg"
              />
            </button>
          </div>
          <div
            class="css-2x72of"
          >
            <p
              class="css-oq27n3"
            >
              жаропонижающее
            </p>
            <button
              class="css-1rvi6d0"
              title="Удалить из корзины"
            >
              <img
                alt=""
                src="delete.svg"
              />
            </button>
          </div>
          <div
            class="css-gw8l78"
            color="#3414F5"
          >
            <button
              class="css-1ai46pe"
              title="Увеличить количество"
            >
              <img
                alt=""
                src="plus.svg"
              />
            </button>
            <div>
              2
            </div>
            <button
              class="css-1ai46pe"
              title="Уменьшить количество"
            >
              <img
                alt=""
                src="minus.svg"
              />
            </button>
          </div>
        </div>
        <a
          href="/url/url/"
          title="Добавить позицию"
        >
          <button
            class="css-ftp01x"
          >
            +
          </button>
        </a>
      </div>
    </div>
  </div>
</div>
`;

exports[`ShoppingList item count decrement click 2`] = `
<div>
  <div>
    <div
      class="css-10m13ut"
    >
      <div
        class="css-1gwlyb6"
      >
        <div
          class="css-1c0ed4l"
        >
          <a
            class="css-12eo6k0"
            href="/url/url/"
            title="Назад"
          >
            <img
              alt=""
              src="arrow-left.svg"
            />
          </a>
        </div>
        <div
          class="css-1c8b96n"
        >
          <button
            class="css-1ai46pe"
            title="Обновить"
          >
            <img
              alt=""
              src="rotate.svg"
            />
          </button>
        </div>
        <div
          class="css-1rafcwt"
        >
          <button
            class="css-1ai46pe"
            title="Поделиться"
          >
            <img
              alt=""
              src="share.svg"
            />
          </button>
        </div>
      </div>
    </div>
    <div
      class="css-1gwlyb6"
    >
      <div>
        <h2
          class="css-156op5v"
        >
          Чужой список
        </h2>
        <div
          class="css-1ymmyjj"
        >
          <div
            class="css-gl4505"
            color="#9D79B9"
          >
            <button
              class="css-1ai46pe"
              title="Добавить в корзину"
            >
              <div
                class="css-e56qp1"
              >
                <img
                  alt=""
                  src="basket-arrow.svg"
                />
              </div>
              <img
                alt=""
                src="basket.svg"
              />
            </button>
          </div>
          <div
            class="css-2x72of"
          >
            <p
              class="css-oq27n3"
            >
              рыба
            </p>
            <button
              class="css-1rvi6d0"
              title="Удалить из корзины"
            >
              <img
                alt=""
                src="delete.svg"
              />
            </button>
          </div>
          <div
            class="css-ut3668"
            color="#9D79B9"
          >
            <button
              class="css-1ai46pe"
              title="Увеличить количество"
            >
              <img
                alt=""
                src="plus.svg"
              />
            </button>
            <div>
              5
            </div>
            <button
              class="css-1ai46pe"
              title="Уменьшить количество"
            >
              <img
                alt=""
                src="minus.svg"
              />
            </button>
          </div>
        </div>
        <div
          class="css-1ymmyjj"
        >
          <div
            class="css-gl4505"
            color="#9D79B9"
          >
            <button
              class="css-1ai46pe"
              title="Добавить в корзину"
            >
              <div
                class="css-e56qp1"
              >
                <img
                  alt=""
                  src="basket-arrow.svg"
                />
              </div>
              <img
                alt=""
                src="basket.svg"
              />
            </button>
          </div>
          <div
            class="css-2x72of"
          >
            <p
              class="css-oq27n3"
            >
              хлеб
            </p>
            <button
              class="css-1rvi6d0"
              title="Удалить из корзины"
            >
              <img
                alt=""
                src="delete.svg"
              />
            </button>
          </div>
          <div
            class="css-ut3668"
            color="#9D79B9"
          >
            <button
              class="css-1ai46pe"
              title="Увеличить количество"
            >
              <img
                alt=""
                src="plus.svg"
              />
            </button>
            <div>
              3
            </div>
            <button
              class="css-1ai46pe"
              title="Уменьшить количество"
            >
              <img
                alt=""
                src="minus.svg"
              />
            </button>
          </div>
        </div>
        <div
          class="css-1ymmyjj"
        >
          <div
            class="css-gl4505"
            color="#9D79B9"
          >
            <button
              class="css-1ai46pe"
              title="Добавить в корзину"
            >
              <div
                class="css-e56qp1"
              >
                <img
                  alt=""
                  src="basket-arrow.svg"
                />
              </div>
              <img
                alt=""
                src="basket.svg"
              />
            </button>
          </div>
          <div
            class="css-2x72of"
          >
            <p
              class="css-oq27n3"
            >
              молоко
            </p>
            <button
              class="css-1rvi6d0"
              title="Удалить из корзины"
            >
              <img
                alt=""
                src="delete.svg"
              />
            </button>
          </div>
          <div
            class="css-ut3668"
            color="#9D79B9"
          >
            <button
              class="css-1ai46pe"
              title="Увеличить количество"
            >
              <img
                alt=""
                src="plus.svg"
              />
            </button>
            <div>
              2
            </div>
            <button
              class="css-1ai46pe"
              title="Уменьшить количество"
            >
              <img
                alt=""
                src="minus.svg"
              />
            </button>
          </div>
        </div>
        <div
          class="css-1ymmyjj"
        >
          <div
            class="css-jjix65"
            color="#08AE0F"
          >
            <button
              class="css-1ai46pe"
              title="Добавить в корзину"
            >
              <div
                class="css-e56qp1"
              >
                <img
                  alt=""
                  src="basket-arrow.svg"
                />
              </div>
              <img
                alt=""
                src="basket.svg"
              />
            </button>
          </div>
          <div
            class="css-2x72of"
          >
            <p
              class="css-oq27n3"
            >
              мыло
            </p>
            <button
              class="css-1rvi6d0"
              title="Удалить из корзины"
            >
              <img
                alt=""
                src="delete.svg"
              />
            </button>
          </div>
          <div
            class="css-bqoiiz"
            color="#08AE0F"
          >
            <button
              class="css-1ai46pe"
              title="Увеличить количество"
            >
              <img
                alt=""
                src="plus.svg"
              />
            </button>
            <div>
              1
            </div>
            <button
              class="css-1ai46pe"
              title="Уменьшить количество"
            >
              <img
                alt=""
                src="minus.svg"
              />
            </button>
          </div>
        </div>
        <div
          class="css-1ymmyjj"
        >
          <div
            class="css-1b9tgw6"
            color="#3414F5"
          >
            <button
              class="css-1ai46pe"
              title="Добавить в корзину"
            >
              <div
                class="css-e56qp1"
              >
                <img
                  alt=""
                  src="basket-arrow.svg"
                />
              </div>
              <img
                alt=""
                src="basket.svg"
              />
            </button>
          </div>
          <div
            class="css-2x72of"
          >
            <p
              class="css-oq27n3"
            >
              жаропонижающее
            </p>
            <button
              class="css-1rvi6d0"
              title="Удалить из корзины"
            >
              <img
                alt=""
                src="delete.svg"
              />
            </button>
          </div>
          <div
            class="css-gw8l78"
            color="#3414F5"
          >
            <button
              class="css-1ai46pe"
              title="Увеличить количество"
            >
              <img
                alt=""
                src="plus.svg"
              />
            </button>
            <div>
              2
            </div>
            <button
              class="css-1ai46pe"
              title="Уменьшить количество"
            >
              <img
                alt=""
                src="minus.svg"
              />
            </button>
          </div>
        </div>
        <a
          href="/url/url/"
          title="Добавить позицию"
        >
          <button
            class="css-ftp01x"
          >
            +
          </button>
        </a>
      </div>
    </div>
  </div>
</div>
`;

exports[`ShoppingList item count increment click 1`] = `
<div>
  <div>
    <div
      class="css-10m13ut"
    >
      <div
        class="css-1gwlyb6"
      >
        <div
          class="css-1c0ed4l"
        >
          <a
            class="css-12eo6k0"
            href="/url/url/"
            title="Назад"
          >
            <img
              alt=""
              src="arrow-left.svg"
            />
          </a>
        </div>
        <div
          class="css-1c8b96n"
        >
          <button
            class="css-1ai46pe"
            title="Обновить"
          >
            <img
              alt=""
              src="rotate.svg"
            />
          </button>
        </div>
        <div
          class="css-1rafcwt"
        >
          <button
            class="css-1ai46pe"
            title="Поделиться"
          >
            <img
              alt=""
              src="share.svg"
            />
          </button>
        </div>
      </div>
    </div>
    <div
      class="css-1gwlyb6"
    >
      <div>
        <h2
          class="css-156op5v"
        >
          Чужой список
        </h2>
        <div
          class="css-1ymmyjj"
        >
          <div
            class="css-gl4505"
            color="#9D79B9"
          >
            <button
              class="css-1ai46pe"
              title="Добавить в корзину"
            >
              <div
                class="css-e56qp1"
              >
                <img
                  alt=""
                  src="basket-arrow.svg"
                />
              </div>
              <img
                alt=""
                src="basket.svg"
              />
            </button>
          </div>
          <div
            class="css-2x72of"
          >
            <p
              class="css-oq27n3"
            >
              рыба
            </p>
            <button
              class="css-1rvi6d0"
              title="Удалить из корзины"
            >
              <img
                alt=""
                src="delete.svg"
              />
            </button>
          </div>
          <div
            class="css-ut3668"
            color="#9D79B9"
          >
            <button
              class="css-1ai46pe"
              title="Увеличить количество"
            >
              <img
                alt=""
                src="plus.svg"
              />
            </button>
            <div>
              5
            </div>
            <button
              class="css-1ai46pe"
              title="Уменьшить количество"
            >
              <img
                alt=""
                src="minus.svg"
              />
            </button>
          </div>
        </div>
        <div
          class="css-1ymmyjj"
        >
          <div
            class="css-gl4505"
            color="#9D79B9"
          >
            <button
              class="css-1ai46pe"
              title="Добавить в корзину"
            >
              <div
                class="css-e56qp1"
              >
                <img
                  alt=""
                  src="basket-arrow.svg"
                />
              </div>
              <img
                alt=""
                src="basket.svg"
              />
            </button>
          </div>
          <div
            class="css-2x72of"
          >
            <p
              class="css-oq27n3"
            >
              хлеб
            </p>
            <button
              class="css-1rvi6d0"
              title="Удалить из корзины"
            >
              <img
                alt=""
                src="delete.svg"
              />
            </button>
          </div>
          <div
            class="css-ut3668"
            color="#9D79B9"
          >
            <button
              class="css-1ai46pe"
              title="Увеличить количество"
            >
              <img
                alt=""
                src="plus.svg"
              />
            </button>
            <div>
              3
            </div>
            <button
              class="css-1ai46pe"
              title="Уменьшить количество"
            >
              <img
                alt=""
                src="minus.svg"
              />
            </button>
          </div>
        </div>
        <div
          class="css-1ymmyjj"
        >
          <div
            class="css-gl4505"
            color="#9D79B9"
          >
            <button
              class="css-1ai46pe"
              title="Добавить в корзину"
            >
              <div
                class="css-e56qp1"
              >
                <img
                  alt=""
                  src="basket-arrow.svg"
                />
              </div>
              <img
                alt=""
                src="basket.svg"
              />
            </button>
          </div>
          <div
            class="css-2x72of"
          >
            <p
              class="css-oq27n3"
            >
              молоко
            </p>
            <button
              class="css-1rvi6d0"
              title="Удалить из корзины"
            >
              <img
                alt=""
                src="delete.svg"
              />
            </button>
          </div>
          <div
            class="css-ut3668"
            color="#9D79B9"
          >
            <button
              class="css-1ai46pe"
              title="Увеличить количество"
            >
              <img
                alt=""
                src="plus.svg"
              />
            </button>
            <div>
              2
            </div>
            <button
              class="css-1ai46pe"
              title="Уменьшить количество"
            >
              <img
                alt=""
                src="minus.svg"
              />
            </button>
          </div>
        </div>
        <div
          class="css-1ymmyjj"
        >
          <div
            class="css-jjix65"
            color="#08AE0F"
          >
            <button
              class="css-1ai46pe"
              title="Добавить в корзину"
            >
              <div
                class="css-e56qp1"
              >
                <img
                  alt=""
                  src="basket-arrow.svg"
                />
              </div>
              <img
                alt=""
                src="basket.svg"
              />
            </button>
          </div>
          <div
            class="css-2x72of"
          >
            <p
              class="css-oq27n3"
            >
              мыло
            </p>
            <button
              class="css-1rvi6d0"
              title="Удалить из корзины"
            >
              <img
                alt=""
                src="delete.svg"
              />
            </button>
          </div>
          <div
            class="css-bqoiiz"
            color="#08AE0F"
          >
            <button
              class="css-1ai46pe"
              title="Увеличить количество"
            >
              <img
                alt=""
                src="plus.svg"
              />
            </button>
            <div>
              1
            </div>
            <button
              class="css-1ai46pe"
              title="Уменьшить количество"
            >
              <img
                alt=""
                src="minus.svg"
              />
            </button>
          </div>
        </div>
        <div
          class="css-1ymmyjj"
        >
          <div
            class="css-1b9tgw6"
            color="#3414F5"
          >
            <button
              class="css-1ai46pe"
              title="Добавить в корзину"
            >
              <div
                class="css-e56qp1"
              >
                <img
                  alt=""
                  src="basket-arrow.svg"
                />
              </div>
              <img
                alt=""
                src="basket.svg"
              />
            </button>
          </div>
          <div
            class="css-2x72of"
          >
            <p
              class="css-oq27n3"
            >
              жаропонижающее
            </p>
            <button
              class="css-1rvi6d0"
              title="Удалить из корзины"
            >
              <img
                alt=""
                src="delete.svg"
              />
            </button>
          </div>
          <div
            class="css-gw8l78"
            color="#3414F5"
          >
            <button
              class="css-1ai46pe"
              title="Увеличить количество"
            >
              <img
                alt=""
                src="plus.svg"
              />
            </button>
            <div>
              2
            </div>
            <button
              class="css-1ai46pe"
              title="Уменьшить количество"
            >
              <img
                alt=""
                src="minus.svg"
              />
            </button>
          </div>
        </div>
        <a
          href="/url/url/"
          title="Добавить позицию"
        >
          <button
            class="css-ftp01x"
          >
            +
          </button>
        </a>
      </div>
    </div>
  </div>
</div>
`;

exports[`ShoppingList item count increment click 2`] = `
<div>
  <div>
    <div
      class="css-10m13ut"
    >
      <div
        class="css-1gwlyb6"
      >
        <div
          class="css-1c0ed4l"
        >
          <a
            class="css-12eo6k0"
            href="/url/url/"
            title="Назад"
          >
            <img
              alt=""
              src="arrow-left.svg"
            />
          </a>
        </div>
        <div
          class="css-1c8b96n"
        >
          <button
            class="css-1ai46pe"
            title="Обновить"
          >
            <img
              alt=""
              src="rotate.svg"
            />
          </button>
        </div>
        <div
          class="css-1rafcwt"
        >
          <button
            class="css-1ai46pe"
            title="Поделиться"
          >
            <img
              alt=""
              src="share.svg"
            />
          </button>
        </div>
      </div>
    </div>
    <div
      class="css-1gwlyb6"
    >
      <div>
        <h2
          class="css-156op5v"
        >
          Чужой список
        </h2>
        <div
          class="css-1ymmyjj"
        >
          <div
            class="css-gl4505"
            color="#9D79B9"
          >
            <button
              class="css-1ai46pe"
              title="Добавить в корзину"
            >
              <div
                class="css-e56qp1"
              >
                <img
                  alt=""
                  src="basket-arrow.svg"
                />
              </div>
              <img
                alt=""
                src="basket.svg"
              />
            </button>
          </div>
          <div
            class="css-2x72of"
          >
            <p
              class="css-oq27n3"
            >
              рыба
            </p>
            <button
              class="css-1rvi6d0"
              title="Удалить из корзины"
            >
              <img
                alt=""
                src="delete.svg"
              />
            </button>
          </div>
          <div
            class="css-ut3668"
            color="#9D79B9"
          >
            <button
              class="css-1ai46pe"
              title="Увеличить количество"
            >
              <img
                alt=""
                src="plus.svg"
              />
            </button>
            <div>
              5
            </div>
            <button
              class="css-1ai46pe"
              title="Уменьшить количество"
            >
              <img
                alt=""
                src="minus.svg"
              />
            </button>
          </div>
        </div>
        <div
          class="css-1ymmyjj"
        >
          <div
            class="css-gl4505"
            color="#9D79B9"
          >
            <button
              class="css-1ai46pe"
              title="Добавить в корзину"
            >
              <div
                class="css-e56qp1"
              >
                <img
                  alt=""
                  src="basket-arrow.svg"
                />
              </div>
              <img
                alt=""
                src="basket.svg"
              />
            </button>
          </div>
          <div
            class="css-2x72of"
          >
            <p
              class="css-oq27n3"
            >
              хлеб
            </p>
            <button
              class="css-1rvi6d0"
              title="Удалить из корзины"
            >
              <img
                alt=""
                src="delete.svg"
              />
            </button>
          </div>
          <div
            class="css-ut3668"
            color="#9D79B9"
          >
            <button
              class="css-1ai46pe"
              title="Увеличить количество"
            >
              <img
                alt=""
                src="plus.svg"
              />
            </button>
            <div>
              3
            </div>
            <button
              class="css-1ai46pe"
              title="Уменьшить количество"
            >
              <img
                alt=""
                src="minus.svg"
              />
            </button>
          </div>
        </div>
        <div
          class="css-1ymmyjj"
        >
          <div
            class="css-gl4505"
            color="#9D79B9"
          >
            <button
              class="css-1ai46pe"
              title="Добавить в корзину"
            >
              <div
                class="css-e56qp1"
              >
                <img
                  alt=""
                  src="basket-arrow.svg"
                />
              </div>
              <img
                alt=""
                src="basket.svg"
              />
            </button>
          </div>
          <div
            class="css-2x72of"
          >
            <p
              class="css-oq27n3"
            >
              молоко
            </p>
            <button
              class="css-1rvi6d0"
              title="Удалить из корзины"
            >
              <img
                alt=""
                src="delete.svg"
              />
            </button>
          </div>
          <div
            class="css-ut3668"
            color="#9D79B9"
          >
            <button
              class="css-1ai46pe"
              title="Увеличить количество"
            >
              <img
                alt=""
                src="plus.svg"
              />
            </button>
            <div>
              2
            </div>
            <button
              class="css-1ai46pe"
              title="Уменьшить количество"
            >
              <img
                alt=""
                src="minus.svg"
              />
            </button>
          </div>
        </div>
        <div
          class="css-1ymmyjj"
        >
          <div
            class="css-jjix65"
            color="#08AE0F"
          >
            <button
              class="css-1ai46pe"
              title="Добавить в корзину"
            >
              <div
                class="css-e56qp1"
              >
                <img
                  alt=""
                  src="basket-arrow.svg"
                />
              </div>
              <img
                alt=""
                src="basket.svg"
              />
            </button>
          </div>
          <div
            class="css-2x72of"
          >
            <p
              class="css-oq27n3"
            >
              мыло
            </p>
            <button
              class="css-1rvi6d0"
              title="Удалить из корзины"
            >
              <img
                alt=""
                src="delete.svg"
              />
            </button>
          </div>
          <div
            class="css-bqoiiz"
            color="#08AE0F"
          >
            <button
              class="css-1ai46pe"
              title="Увеличить количество"
            >
              <img
                alt=""
                src="plus.svg"
              />
            </button>
            <div>
              1
            </div>
            <button
              class="css-1ai46pe"
              title="Уменьшить количество"
            >
              <img
                alt=""
                src="minus.svg"
              />
            </button>
          </div>
        </div>
        <div
          class="css-1ymmyjj"
        >
          <div
            class="css-1b9tgw6"
            color="#3414F5"
          >
            <button
              class="css-1ai46pe"
              title="Добавить в корзину"
            >
              <div
                class="css-e56qp1"
              >
                <img
                  alt=""
                  src="basket-arrow.svg"
                />
              </div>
              <img
                alt=""
                src="basket.svg"
              />
            </button>
          </div>
          <div
            class="css-2x72of"
          >
            <p
              class="css-oq27n3"
            >
              жаропонижающее
            </p>
            <button
              class="css-1rvi6d0"
              title="Удалить из корзины"
            >
              <img
                alt=""
                src="delete.svg"
              />
            </button>
          </div>
          <div
            class="css-gw8l78"
            color="#3414F5"
          >
            <button
              class="css-1ai46pe"
              title="Увеличить количество"
            >
              <img
                alt=""
                src="plus.svg"
              />
            </button>
            <div>
              2
            </div>
            <button
              class="css-1ai46pe"
              title="Уменьшить количество"
            >
              <img
                alt=""
                src="minus.svg"
              />
            </button>
          </div>
        </div>
        <a
          href="/url/url/"
          title="Добавить позицию"
        >
          <button
            class="css-ftp01x"
          >
            +
          </button>
        </a>
      </div>
    </div>
  </div>
</div>
`;

exports[`ShoppingList item delete click 1`] = `
<div>
  <div>
    <div
      class="css-10m13ut"
    >
      <div
        class="css-1gwlyb6"
      >
        <div
          class="css-1c0ed4l"
        >
          <a
            class="css-12eo6k0"
            href="/url/url/"
            title="Назад"
          >
            <img
              alt=""
              src="arrow-left.svg"
            />
          </a>
        </div>
        <div
          class="css-1c8b96n"
        >
          <button
            class="css-1ai46pe"
            title="Обновить"
          >
            <img
              alt=""
              src="rotate.svg"
            />
          </button>
        </div>
        <div
          class="css-1rafcwt"
        >
          <button
            class="css-1ai46pe"
            title="Поделиться"
          >
            <img
              alt=""
              src="share.svg"
            />
          </button>
        </div>
      </div>
    </div>
    <div
      class="css-1gwlyb6"
    >
      <div>
        <h2
          class="css-156op5v"
        >
          Чужой список
        </h2>
        <div
          class="css-1ymmyjj"
        >
          <div
            class="css-gl4505"
            color="#9D79B9"
          >
            <button
              class="css-1ai46pe"
              title="Добавить в корзину"
            >
              <div
                class="css-e56qp1"
              >
                <img
                  alt=""
                  src="basket-arrow.svg"
                />
              </div>
              <img
                alt=""
                src="basket.svg"
              />
            </button>
          </div>
          <div
            class="css-2x72of"
          >
            <p
              class="css-oq27n3"
            >
              рыба
            </p>
            <button
              class="css-1rvi6d0"
              title="Удалить из корзины"
            >
              <img
                alt=""
                src="delete.svg"
              />
            </button>
          </div>
          <div
            class="css-ut3668"
            color="#9D79B9"
          >
            <button
              class="css-1ai46pe"
              title="Увеличить количество"
            >
              <img
                alt=""
                src="plus.svg"
              />
            </button>
            <div>
              5
            </div>
            <button
              class="css-1ai46pe"
              title="Уменьшить количество"
            >
              <img
                alt=""
                src="minus.svg"
              />
            </button>
          </div>
        </div>
        <div
          class="css-1ymmyjj"
        >
          <div
            class="css-gl4505"
            color="#9D79B9"
          >
            <button
              class="css-1ai46pe"
              title="Добавить в корзину"
            >
              <div
                class="css-e56qp1"
              >
                <img
                  alt=""
                  src="basket-arrow.svg"
                />
              </div>
              <img
                alt=""
                src="basket.svg"
              />
            </button>
          </div>
          <div
            class="css-2x72of"
          >
            <p
              class="css-oq27n3"
            >
              хлеб
            </p>
            <button
              class="css-1rvi6d0"
              title="Удалить из корзины"
            >
              <img
                alt=""
                src="delete.svg"
              />
            </button>
          </div>
          <div
            class="css-ut3668"
            color="#9D79B9"
          >
            <button
              class="css-1ai46pe"
              title="Увеличить количество"
            >
              <img
                alt=""
                src="plus.svg"
              />
            </button>
            <div>
              3
            </div>
            <button
              class="css-1ai46pe"
              title="Уменьшить количество"
            >
              <img
                alt=""
                src="minus.svg"
              />
            </button>
          </div>
        </div>
        <div
          class="css-1ymmyjj"
        >
          <div
            class="css-gl4505"
            color="#9D79B9"
          >
            <button
              class="css-1ai46pe"
              title="Добавить в корзину"
            >
              <div
                class="css-e56qp1"
              >
                <img
                  alt=""
                  src="basket-arrow.svg"
                />
              </div>
              <img
                alt=""
                src="basket.svg"
              />
            </button>
          </div>
          <div
            class="css-2x72of"
          >
            <p
              class="css-oq27n3"
            >
              молоко
            </p>
            <button
              class="css-1rvi6d0"
              title="Удалить из корзины"
            >
              <img
                alt=""
                src="delete.svg"
              />
            </button>
          </div>
          <div
            class="css-ut3668"
            color="#9D79B9"
          >
            <button
              class="css-1ai46pe"
              title="Увеличить количество"
            >
              <img
                alt=""
                src="plus.svg"
              />
            </button>
            <div>
              2
            </div>
            <button
              class="css-1ai46pe"
              title="Уменьшить количество"
            >
              <img
                alt=""
                src="minus.svg"
              />
            </button>
          </div>
        </div>
        <div
          class="css-1ymmyjj"
        >
          <div
            class="css-jjix65"
            color="#08AE0F"
          >
            <button
              class="css-1ai46pe"
              title="Добавить в корзину"
            >
              <div
                class="css-e56qp1"
              >
                <img
                  alt=""
                  src="basket-arrow.svg"
                />
              </div>
              <img
                alt=""
                src="basket.svg"
              />
            </button>
          </div>
          <div
            class="css-2x72of"
          >
            <p
              class="css-oq27n3"
            >
              мыло
            </p>
            <button
              class="css-1rvi6d0"
              title="Удалить из корзины"
            >
              <img
                alt=""
                src="delete.svg"
              />
            </button>
          </div>
          <div
            class="css-bqoiiz"
            color="#08AE0F"
          >
            <button
              class="css-1ai46pe"
              title="Увеличить количество"
            >
              <img
                alt=""
                src="plus.svg"
              />
            </button>
            <div>
              1
            </div>
            <button
              class="css-1ai46pe"
              title="Уменьшить количество"
            >
              <img
                alt=""
                src="minus.svg"
              />
            </button>
          </div>
        </div>
        <div
          class="css-1ymmyjj"
        >
          <div
            class="css-1b9tgw6"
            color="#3414F5"
          >
            <button
              class="css-1ai46pe"
              title="Добавить в корзину"
            >
              <div
                class="css-e56qp1"
              >
                <img
                  alt=""
                  src="basket-arrow.svg"
                />
              </div>
              <img
                alt=""
                src="basket.svg"
              />
            </button>
          </div>
          <div
            class="css-2x72of"
          >
            <p
              class="css-oq27n3"
            >
              жаропонижающее
            </p>
            <button
              class="css-1rvi6d0"
              title="Удалить из корзины"
            >
              <img
                alt=""
                src="delete.svg"
              />
            </button>
          </div>
          <div
            class="css-gw8l78"
            color="#3414F5"
          >
            <button
              class="css-1ai46pe"
              title="Увеличить количество"
            >
              <img
                alt=""
                src="plus.svg"
              />
            </button>
            <div>
              2
            </div>
            <button
              class="css-1ai46pe"
              title="Уменьшить количество"
            >
              <img
                alt=""
                src="minus.svg"
              />
            </button>
          </div>
        </div>
        <a
          href="/url/url/"
          title="Добавить позицию"
        >
          <button
            class="css-ftp01x"
          >
            +
          </button>
        </a>
      </div>
    </div>
  </div>
</div>
`;

exports[`ShoppingList item delete click 2`] = `
<div>
  <div>
    <div
      class="css-10m13ut"
    >
      <div
        class="css-1gwlyb6"
      >
        <div
          class="css-1c0ed4l"
        >
          <a
            class="css-12eo6k0"
            href="/url/url/"
            title="Назад"
          >
            <img
              alt=""
              src="arrow-left.svg"
            />
          </a>
        </div>
        <div
          class="css-1c8b96n"
        >
          <button
            class="css-1ai46pe"
            title="Обновить"
          >
            <img
              alt=""
              src="rotate.svg"
            />
          </button>
        </div>
        <div
          class="css-1rafcwt"
        >
          <button
            class="css-1ai46pe"
            title="Поделиться"
          >
            <img
              alt=""
              src="share.svg"
            />
          </button>
        </div>
      </div>
    </div>
    <div
      class="css-1gwlyb6"
    >
      <div>
        <h2
          class="css-156op5v"
        >
          Чужой список
        </h2>
        <div
          class="css-1ymmyjj"
        >
          <div
            class="css-gl4505"
            color="#9D79B9"
          >
            <button
              class="css-1ai46pe"
              title="Добавить в корзину"
            >
              <div
                class="css-e56qp1"
              >
                <img
                  alt=""
                  src="basket-arrow.svg"
                />
              </div>
              <img
                alt=""
                src="basket.svg"
              />
            </button>
          </div>
          <div
            class="css-2x72of"
          >
            <p
              class="css-oq27n3"
            >
              рыба
            </p>
            <button
              class="css-1rvi6d0"
              title="Удалить из корзины"
            >
              <img
                alt=""
                src="delete.svg"
              />
            </button>
          </div>
          <div
            class="css-ut3668"
            color="#9D79B9"
          >
            <button
              class="css-1ai46pe"
              title="Увеличить количество"
            >
              <img
                alt=""
                src="plus.svg"
              />
            </button>
            <div>
              5
            </div>
            <button
              class="css-1ai46pe"
              title="Уменьшить количество"
            >
              <img
                alt=""
                src="minus.svg"
              />
            </button>
          </div>
        </div>
        <div
          class="css-1ymmyjj"
        >
          <div
            class="css-gl4505"
            color="#9D79B9"
          >
            <button
              class="css-1ai46pe"
              title="Добавить в корзину"
            >
              <div
                class="css-e56qp1"
              >
                <img
                  alt=""
                  src="basket-arrow.svg"
                />
              </div>
              <img
                alt=""
                src="basket.svg"
              />
            </button>
          </div>
          <div
            class="css-2x72of"
          >
            <p
              class="css-oq27n3"
            >
              хлеб
            </p>
            <button
              class="css-1rvi6d0"
              title="Удалить из корзины"
            >
              <img
                alt=""
                src="delete.svg"
              />
            </button>
          </div>
          <div
            class="css-ut3668"
            color="#9D79B9"
          >
            <button
              class="css-1ai46pe"
              title="Увеличить количество"
            >
              <img
                alt=""
                src="plus.svg"
              />
            </button>
            <div>
              3
            </div>
            <button
              class="css-1ai46pe"
              title="Уменьшить количество"
            >
              <img
                alt=""
                src="minus.svg"
              />
            </button>
          </div>
        </div>
        <div
          class="css-1ymmyjj"
        >
          <div
            class="css-gl4505"
            color="#9D79B9"
          >
            <button
              class="css-1ai46pe"
              title="Добавить в корзину"
            >
              <div
                class="css-e56qp1"
              >
                <img
                  alt=""
                  src="basket-arrow.svg"
                />
              </div>
              <img
                alt=""
                src="basket.svg"
              />
            </button>
          </div>
          <div
            class="css-2x72of"
          >
            <p
              class="css-oq27n3"
            >
              молоко
            </p>
            <button
              class="css-1rvi6d0"
              title="Удалить из корзины"
            >
              <img
                alt=""
                src="delete.svg"
              />
            </button>
          </div>
          <div
            class="css-ut3668"
            color="#9D79B9"
          >
            <button
              class="css-1ai46pe"
              title="Увеличить количество"
            >
              <img
                alt=""
                src="plus.svg"
              />
            </button>
            <div>
              2
            </div>
            <button
              class="css-1ai46pe"
              title="Уменьшить количество"
            >
              <img
                alt=""
                src="minus.svg"
              />
            </button>
          </div>
        </div>
        <div
          class="css-1ymmyjj"
        >
          <div
            class="css-jjix65"
            color="#08AE0F"
          >
            <button
              class="css-1ai46pe"
              title="Добавить в корзину"
            >
              <div
                class="css-e56qp1"
              >
                <img
                  alt=""
                  src="basket-arrow.svg"
                />
              </div>
              <img
                alt=""
                src="basket.svg"
              />
            </button>
          </div>
          <div
            class="css-2x72of"
          >
            <p
              class="css-oq27n3"
            >
              мыло
            </p>
            <button
              class="css-1rvi6d0"
              title="Удалить из корзины"
            >
              <img
                alt=""
                src="delete.svg"
              />
            </button>
          </div>
          <div
            class="css-bqoiiz"
            color="#08AE0F"
          >
            <button
              class="css-1ai46pe"
              title="Увеличить количество"
            >
              <img
                alt=""
                src="plus.svg"
              />
            </button>
            <div>
              1
            </div>
            <button
              class="css-1ai46pe"
              title="Уменьшить количество"
            >
              <img
                alt=""
                src="minus.svg"
              />
            </button>
          </div>
        </div>
        <div
          class="css-1ymmyjj"
        >
          <div
            class="css-1b9tgw6"
            color="#3414F5"
          >
            <button
              class="css-1ai46pe"
              title="Добавить в корзину"
            >
              <div
                class="css-e56qp1"
              >
                <img
                  alt=""
                  src="basket-arrow.svg"
                />
              </div>
              <img
                alt=""
                src="basket.svg"
              />
            </button>
          </div>
          <div
            class="css-2x72of"
          >
            <p
              class="css-oq27n3"
            >
              жаропонижающее
            </p>
            <button
              class="css-1rvi6d0"
              title="Удалить из корзины"
            >
              <img
                alt=""
                src="delete.svg"
              />
            </button>
          </div>
          <div
            class="css-gw8l78"
            color="#3414F5"
          >
            <button
              class="css-1ai46pe"
              title="Увеличить количество"
            >
              <img
                alt=""
                src="plus.svg"
              />
            </button>
            <div>
              2
            </div>
            <button
              class="css-1ai46pe"
              title="Уменьшить количество"
            >
              <img
                alt=""
                src="minus.svg"
              />
            </button>
          </div>
        </div>
        <a
          href="/url/url/"
          title="Добавить позицию"
        >
          <button
            class="css-ftp01x"
          >
            +
          </button>
        </a>
      </div>
    </div>
  </div>
</div>
`;

exports[`ShoppingList item render 1`] = `
<div>
  <div>
    <div
      class="css-10m13ut"
    >
      <div
        class="css-1gwlyb6"
      >
        <div
          class="css-1c0ed4l"
        >
          <a
            class="css-12eo6k0"
            href="/url/url/"
            title="Назад"
          >
            <img
              alt=""
              src="arrow-left.svg"
            />
          </a>
        </div>
        <div
          class="css-1c8b96n"
        >
          <button
            class="css-1ai46pe"
            title="Обновить"
          >
            <img
              alt=""
              src="rotate.svg"
            />
          </button>
        </div>
        <div
          class="css-1rafcwt"
        >
          <button
            class="css-1ai46pe"
            title="Поделиться"
          >
            <img
              alt=""
              src="share.svg"
            />
          </button>
        </div>
      </div>
    </div>
    <div
      class="css-1gwlyb6"
    >
      <div>
        <h2
          class="css-156op5v"
        >
          Чужой список
        </h2>
        <div
          class="css-1ymmyjj"
        >
          <div
            class="css-gl4505"
            color="#9D79B9"
          >
            <button
              class="css-1ai46pe"
              title="Добавить в корзину"
            >
              <div
                class="css-e56qp1"
              >
                <img
                  alt=""
                  src="basket-arrow.svg"
                />
              </div>
              <img
                alt=""
                src="basket.svg"
              />
            </button>
          </div>
          <div
            class="css-2x72of"
          >
            <p
              class="css-oq27n3"
            >
              рыба
            </p>
            <button
              class="css-1rvi6d0"
              title="Удалить из корзины"
            >
              <img
                alt=""
                src="delete.svg"
              />
            </button>
          </div>
          <div
            class="css-ut3668"
            color="#9D79B9"
          >
            <button
              class="css-1ai46pe"
              title="Увеличить количество"
            >
              <img
                alt=""
                src="plus.svg"
              />
            </button>
            <div>
              5
            </div>
            <button
              class="css-1ai46pe"
              title="Уменьшить количество"
            >
              <img
                alt=""
                src="minus.svg"
              />
            </button>
          </div>
        </div>
        <div
          class="css-1ymmyjj"
        >
          <div
            class="css-gl4505"
            color="#9D79B9"
          >
            <button
              class="css-1ai46pe"
              title="Добавить в корзину"
            >
              <div
                class="css-e56qp1"
              >
                <img
                  alt=""
                  src="basket-arrow.svg"
                />
              </div>
              <img
                alt=""
                src="basket.svg"
              />
            </button>
          </div>
          <div
            class="css-2x72of"
          >
            <p
              class="css-oq27n3"
            >
              хлеб
            </p>
            <button
              class="css-1rvi6d0"
              title="Удалить из корзины"
            >
              <img
                alt=""
                src="delete.svg"
              />
            </button>
          </div>
          <div
            class="css-ut3668"
            color="#9D79B9"
          >
            <button
              class="css-1ai46pe"
              title="Увеличить количество"
            >
              <img
                alt=""
                src="plus.svg"
              />
            </button>
            <div>
              3
            </div>
            <button
              class="css-1ai46pe"
              title="Уменьшить количество"
            >
              <img
                alt=""
                src="minus.svg"
              />
            </button>
          </div>
        </div>
        <div
          class="css-1ymmyjj"
        >
          <div
            class="css-gl4505"
            color="#9D79B9"
          >
            <button
              class="css-1ai46pe"
              title="Добавить в корзину"
            >
              <div
                class="css-e56qp1"
              >
                <img
                  alt=""
                  src="basket-arrow.svg"
                />
              </div>
              <img
                alt=""
                src="basket.svg"
              />
            </button>
          </div>
          <div
            class="css-2x72of"
          >
            <p
              class="css-oq27n3"
            >
              молоко
            </p>
            <button
              class="css-1rvi6d0"
              title="Удалить из корзины"
            >
              <img
                alt=""
                src="delete.svg"
              />
            </button>
          </div>
          <div
            class="css-ut3668"
            color="#9D79B9"
          >
            <button
              class="css-1ai46pe"
              title="Увеличить количество"
            >
              <img
                alt=""
                src="plus.svg"
              />
            </button>
            <div>
              2
            </div>
            <button
              class="css-1ai46pe"
              title="Уменьшить количество"
            >
              <img
                alt=""
                src="minus.svg"
              />
            </button>
          </div>
        </div>
        <div
          class="css-1ymmyjj"
        >
          <div
            class="css-jjix65"
            color="#08AE0F"
          >
            <button
              class="css-1ai46pe"
              title="Добавить в корзину"
            >
              <div
                class="css-e56qp1"
              >
                <img
                  alt=""
                  src="basket-arrow.svg"
                />
              </div>
              <img
                alt=""
                src="basket.svg"
              />
            </button>
          </div>
          <div
            class="css-2x72of"
          >
            <p
              class="css-oq27n3"
            >
              мыло
            </p>
            <button
              class="css-1rvi6d0"
              title="Удалить из корзины"
            >
              <img
                alt=""
                src="delete.svg"
              />
            </button>
          </div>
          <div
            class="css-bqoiiz"
            color="#08AE0F"
          >
            <button
              class="css-1ai46pe"
              title="Увеличить количество"
            >
              <img
                alt=""
                src="plus.svg"
              />
            </button>
            <div>
              1
            </div>
            <button
              class="css-1ai46pe"
              title="Уменьшить количество"
            >
              <img
                alt=""
                src="minus.svg"
              />
            </button>
          </div>
        </div>
        <div
          class="css-1ymmyjj"
        >
          <div
            class="css-1b9tgw6"
            color="#3414F5"
          >
            <button
              class="css-1ai46pe"
              title="Добавить в корзину"
            >
              <div
                class="css-e56qp1"
              >
                <img
                  alt=""
                  src="basket-arrow.svg"
                />
              </div>
              <img
                alt=""
                src="basket.svg"
              />
            </button>
          </div>
          <div
            class="css-2x72of"
          >
            <p
              class="css-oq27n3"
            >
              жаропонижающее
            </p>
            <button
              class="css-1rvi6d0"
              title="Удалить из корзины"
            >
              <img
                alt=""
                src="delete.svg"
              />
            </button>
          </div>
          <div
            class="css-gw8l78"
            color="#3414F5"
          >
            <button
              class="css-1ai46pe"
              title="Увеличить количество"
            >
              <img
                alt=""
                src="plus.svg"
              />
            </button>
            <div>
              2
            </div>
            <button
              class="css-1ai46pe"
              title="Уменьшить количество"
            >
              <img
                alt=""
                src="minus.svg"
              />
            </button>
          </div>
        </div>
        <a
          href="/url/url/"
          title="Добавить позицию"
        >
          <button
            class="css-ftp01x"
          >
            +
          </button>
        </a>
      </div>
    </div>
  </div>
</div>
`;
