// Jest Snapshot v1, https://goo.gl/fbAQLP

exports[`testing ResetPassword render ResetPassword render 1`] = `
<div>
  <form
    class="css-1jmybar"
  >
    <img
      class="css-1kpxy3o"
      src="logo.png"
    />
    <h1
      class="css-9jhoxj"
    >
      Сбросить пароль
    </h1>
    <div
      class="css-1bej84q"
    >
      <div
        class="css-bpveru"
      >
        <a
          class="css-som9qd"
          href="/url/url/"
        >
          Вход
        </a>
      </div>
      <div
        class="css-bw50an"
      >
        <a
          class="css-som9qd"
          href="/url/url/"
        >
          Регистрация
        </a>
      </div>
    </div>
    <input
      class="css-1wjmxg1"
      name="email"
      placeholder="Введите логин или почту"
      required=""
      type="text"
    />
    <input
      class="css-1wjmxg1"
      name="code"
      placeholder="Введите проверочный код"
      required=""
      type="text"
    />
    <input
      class="css-1wjmxg1"
      id="password-input"
      name="password"
      placeholder="Введите новый пароль"
      required=""
      type="password"
    />
    <button
      class="css-19ic31z"
      type="submit"
    >
      Сбросить
    </button>
  </form>
</div>
`;

exports[`testing ResetPassword render Test clicks ResetPassword  1`] = `
<div>
  <form
    class="css-1jmybar"
  >
    <img
      class="css-1kpxy3o"
      src="logo.png"
    />
    <h1
      class="css-9jhoxj"
    >
      Сбросить пароль
    </h1>
    <div
      class="css-1bej84q"
    >
      <div
        class="css-bpveru"
      >
        <a
          class="css-som9qd"
          href="/url/url/"
        >
          Вход
        </a>
      </div>
      <div
        class="css-bw50an"
      >
        <a
          class="css-som9qd"
          href="/url/url/"
        >
          Регистрация
        </a>
      </div>
    </div>
    <input
      class="css-1wjmxg1"
      name="email"
      placeholder="Введите логин или почту"
      required=""
      type="text"
    />
    <input
      class="css-1wjmxg1"
      name="code"
      placeholder="Введите проверочный код"
      required=""
      type="text"
    />
    <input
      class="css-1wjmxg1"
      id="password-input"
      name="password"
      placeholder="Введите новый пароль"
      required=""
      type="password"
    />
    <button
      class="css-19ic31z"
      type="submit"
    >
      Сбросить
    </button>
  </form>
</div>
`;

exports[`testing ResetPassword render Test clicks ResetPassword  2`] = `
<div>
  <form
    class="css-1jmybar"
  >
    <img
      class="css-1kpxy3o"
      src="logo.png"
    />
    <h1
      class="css-9jhoxj"
    >
      Сбросить пароль
    </h1>
    <div
      class="css-1bej84q"
    >
      <div
        class="css-bpveru"
      >
        <a
          class="css-som9qd"
          href="/url/url/"
        >
          Вход
        </a>
      </div>
      <div
        class="css-bw50an"
      >
        <a
          class="css-som9qd"
          href="/url/url/"
        >
          Регистрация
        </a>
      </div>
    </div>
    <input
      class="css-1wjmxg1"
      name="email"
      placeholder="Введите логин или почту"
      required=""
      type="text"
    />
    <input
      class="css-1wjmxg1"
      name="code"
      placeholder="Введите проверочный код"
      required=""
      type="text"
    />
    <input
      class="css-1wjmxg1"
      id="password-input"
      name="password"
      placeholder="Введите новый пароль"
      required=""
      type="password"
    />
    <button
      class="css-19ic31z"
      type="submit"
    >
      Сбросить
    </button>
  </form>
</div>
`;

exports[`testing ResetPassword render Test clicks ResetPassword  3`] = `
<div>
  <form
    class="css-1jmybar"
  >
    <img
      class="css-1kpxy3o"
      src="logo.png"
    />
    <h1
      class="css-9jhoxj"
    >
      Сбросить пароль
    </h1>
    <div
      class="css-1bej84q"
    >
      <div
        class="css-bpveru"
      >
        <a
          class="css-som9qd"
          href="/url/url/"
        >
          Вход
        </a>
      </div>
      <div
        class="css-bw50an"
      >
        <a
          class="css-som9qd"
          href="/url/url/"
        >
          Регистрация
        </a>
      </div>
    </div>
    <input
      class="css-1wjmxg1"
      name="email"
      placeholder="Введите логин или почту"
      required=""
      type="text"
    />
    <input
      class="css-1wjmxg1"
      name="code"
      placeholder="Введите проверочный код"
      required=""
      type="text"
    />
    <input
      class="css-1wjmxg1"
      id="password-input"
      name="password"
      placeholder="Введите новый пароль"
      required=""
      type="password"
    />
    <button
      class="css-19ic31z"
      type="submit"
    >
      Сбросить
    </button>
  </form>
</div>
`;
